// Jest Snapshot v1, https://goo.gl/fbAQLP

exports[`renders correctly 1`] = `
<View
  className="flex-1"
  style={{}}
>
  <Text
    style={
      [
        {
          "color": "#120F0D",
        },
        {
          "fontSize": 16,
          "lineHeight": 24,
        },
        undefined,
        undefined,
        undefined,
        undefined,
        undefined,
      ]
    }
  >
    Snapshot test!
  </Text>
</View>
`;
